src/components/investor/slides_delta/Slide01_Problem.tsx(2,1): error TS6133: 'LiveTerminal' is declared but its value is never read.
src/components/investor/slides_delta/Slide02_Solution.tsx(2,1): error TS6133: 'ScanLine' is declared but its value is never read.
src/components/investor/slides_delta/Slide04_Customers.tsx(2,1): error TS6133: 'SecureBadgeRow' is declared but its value is never read.
src/components/investor/slides_delta/Slide04_Customers.tsx(3,1): error TS6133: 'RadarNode' is declared but its value is never read.
src/components/investor/slides_delta/Slide05_MarketSize.tsx(2,1): error TS6133: 'RadarNode' is declared but its value is never read.
src/components/investor/slides_delta/Slide05_MarketSize.tsx(3,1): error TS6133: 'MetricTicker' is declared but its value is never read.
src/components/investor/slides_delta/Slide07_Pricing.tsx(2,1): error TS6133: 'MetricTicker' is declared but its value is never read.
src/components/visuals/DeepMapViz.tsx(62,5): error TS6133: 'stateData' is declared but its value is never read.
src/components/visuals/DeepMapViz.tsx(63,5): error TS6133: 'countyData' is declared but its value is never read.
